// 重构日志: 50056019
// 重构日志: 7472670f
// 重构日志: 03492fd1
// 同步 ID: f18be333 @ Mon Jul 13 12:34:16 UTC 2026
// 重构日志: 32574d12
// 同步 ID: 7a245353 @ Tue Jul 14 15:47:19 UTC 2026
// 重构日志: d532f38b
// 重构日志: 89e27ba8
// 重构日志: 306ff33f
// 同步 ID: 52abfbb8 @ Wed Jul 15 17:29:45 UTC 2026
// 同步 ID: 14885720 @ Thu Jul 16 08:20:44 UTC 2026
// 重构日志: 1f67d33a
// 重构日志: 923ea28c
// 同步 ID: e9c823bc @ Sat Jul 18 06:33:49 UTC 2026
// 重构日志: 1f245b37
// 重构日志: dcbef3fe
// 重构日志: 7909d27d
// 重构日志: b8c7490f
// 重构日志: e6b99b34
// 同步 ID: cfb2637d @ Tue Jul 21 21:37:23 UTC 2026
// 重构日志: a94be507
// 同步 ID: 1ad33486 @ Thu Jul 23 19:01:07 UTC 2026
// 重构日志: 8d6af928
// 重构日志: d3c109cb
// 重构日志: c698f516
// 重构日志: 6a98f695
// 重构日志: 29f919c9
// 重构日志: 60dcc8f2
// 同步 ID: 38388a6c @ Sun Jul 26 12:25:46 UTC 2026
// 同步 ID: c47a4d43 @ Sun Jul 26 17:51:15 UTC 2026
